../Core/Inc/bno055_stm32.h:20:6:bno055_assignI2C	16	static
../Core/Inc/bno055_stm32.h:24:6:bno055_delay	16	static
../Core/Inc/bno055_stm32.h:32:6:bno055_writeData	40	static
../Core/Inc/bno055_stm32.h:96:6:bno055_readData	32	static
../Core/Src/main.c:122:5:main	152	static
../Core/Src/main.c:322:7:SystemClock_Config	88	static
../Core/Src/main.c:367:14:MX_I2C1_Init	8	static
../Core/Src/main.c:399:14:MX_TIM1_Init	96	static
../Core/Src/main.c:470:14:MX_TIM2_Init	56	static
../Core/Src/main.c:517:14:MX_TIM10_Init	40	static
../Core/Src/main.c:560:14:MX_TIM11_Init	8	static
../Core/Src/main.c:589:14:MX_USART2_UART_Init	8	static
../Core/Src/main.c:620:14:MX_GPIO_Init	48	static
../Core/Src/main.c:644:6:__io_putchar	16	static
../Core/Src/main.c:649:7:HAL_TIM_PeriodElapsedCallback	16	static
../Core/Src/main.c:685:7:Error_Handler	4	static,ignoring_inline_asm
